// Jest Snapshot v1, https://goo.gl/fbAQLP

exports[`<ResetPassword /> should render components 1`] = `
<div>
  <WithStyles(Card)
    raised={true}
  >
    <WithStyles(CardContent)>
      <img
        src="logo.png"
      />
      <WithStyles(Typography)
        variant="h5"
      >
        Forgot Password?
      </WithStyles(Typography)>
      <div>
        <WithStyles(FormControl)
          aria-describedby="component-error-text"
          error={false}
          fullWidth={true}
        >
          <WithStyles(Input)
            onChange={[Function]}
            placeholder="Email"
            value=""
          />
        </WithStyles(FormControl)>
        <WithStyles(Button)
          color="primary"
          onClick={[Function]}
          variant="contained"
        >
          Reset Password
        </WithStyles(Button)>
      </div>
      <div>
        <WithStyles(Typography)
          onClick={[Function]}
        >
          Return to Login Page
        </WithStyles(Typography)>
      </div>
    </WithStyles(CardContent)>
  </WithStyles(Card)>
</div>
`;
