// Jest Snapshot v1, https://goo.gl/fbAQLP

exports[`<DeviceDetail /> should render components 1`] = `
<div>
  <table>
    <tbody>
      <tr>
        <td>
          <b>
            Device ID: 
          </b>
        </td>
        <td />
      </tr>
      <tr>
        <td>
          <b>
            Device Key: 
          </b>
        </td>
        <td />
      </tr>
      <tr>
        <td>
          <b>
            Device Type: 
          </b>
        </td>
        <td />
      </tr>
      <tr>
        <td>
          <b>
            Device Name: 
          </b>
        </td>
        <td />
      </tr>
    </tbody>
  </table>
</div>
`;
